---
source: tests/e2e.rs
expression: "String::from_utf8(cmd.ok().unwrap().stdout)?"
---
[
    Decl(
        Function {
            keywords: [
                Normal,
            ],
            id: TSIdentifier(
                "main",
            ),
            arguments: [],
            body: Some(
                [
                    Expression(
                        If(
                            IfStatement {
                                condition: Value(
                                    Boolean(
                                        true,
                                    ),
                                    Boolean,
                                ),
                                then_block: Block {
                                    statements: [
                                        Expression(
                                            Call(
                                                TSIdentifier(
                                                    "print",
                                                ),
                                                [
                                                    Value(
                                                        String(
                                                            "help1",
                                                        ),
                                                        String,
                                                    ),
                                                    Value(
                                                        Integer(
                                                            4,
                                                        ),
                                                        Integer,
                                                    ),
                                                ],
                                            ),
                                        ),
                                    ],
                                },
                                else_block: None,
                            },
                        ),
                    ),
                    Expression(
                        If(
                            IfStatement {
                                condition: Value(
                                    Boolean(
                                        false,
                                    ),
                                    Boolean,
                                ),
                                then_block: Block {
                                    statements: [
                                        Expression(
                                            Call(
                                                TSIdentifier(
                                                    "print",
                                                ),
                                                [
                                                    Value(
                                                        String(
                                                            "help2",
                                                        ),
                                                        String,
                                                    ),
                                                    Value(
                                                        Integer(
                                                            4,
                                                        ),
                                                        Integer,
                                                    ),
                                                ],
                                            ),
                                        ),
                                    ],
                                },
                                else_block: None,
                            },
                        ),
                    ),
                    Expression(
                        Return(
                            Return {
                                expression: None,
                            },
                        ),
                    ),
                ],
            ),
            return_type: Unit,
        },
    ),
]
