---
source: src/ir.rs
expression: "format!(\"{}\", ir_progam)"
---
IR:
fn 8:
block_1

block_2
0: 4_Anonymous = 3_Anonymous
1: 5_message = 4_Anonymous
2: move(4_Anonymous)
3: borrow(5_message)
4: receiver_SSAID(6) = @11( let 5_message,)
5: borrow_end(5_message)
6: borrow(5_message)
7: receiver_SSAID(7) = @11( let 5_message,)
8: borrow_end(5_message)
9: return

fn 11:
block_8
0: 9_test = fnarg

block_10
0: return
