---
source: src/ast/parser.rs
expression: "format!(\"{}\", ast.0.to_string(&ast.1))"
---
root, [
    [
        "module_15",
    ],
], [
    [
        "main",
        "println",
    ],
], [
    [
        "block_13",
    ],
    [
        "block_4",
    ],
], [
    [
        "call print([\"Variable(value)\", \"Variable(len)\"])",
        "call print([\"\\\"\\\\n\\\"\", \"Int(2)\"])",
        "return",
    ],
    [
        "call println([\"\\\"Hello World! on a new line\\\"\", \"Int(50)\"])",
        "return",
    ],
]
