---
source: src/analysis/free_dead_resources.rs
expression: "format!(\"{}\", ir_program)"
---
IR:
fn 17:
block_1
0: 2_val = fnarg
1: 3_len = fnarg
2: 4_anonymous := Int(1)
3: borrow(4_anonymous)
4: 5_anonymous := "w"
5: borrow(5_anonymous)
6: receiver_SSAID(6) = @0( let 4_anonymous, let 5_anonymous,)
7: borrow_end(4_anonymous)
8: borrow_end(5_anonymous)
9: 7_stdoutptr = 6_fdopen_result
10: drop(4_anonymous)
11: move(6_fdopen_result)
12: drop(5_anonymous)
13: borrow(2_val)
14: borrow(3_len)
15: 8_anonymous := Int(1)
16: borrow(8_anonymous)
17: borrow(7_stdoutptr)
18: receiver_SSAID(9) = @2( let 2_val, let 3_len, let 8_anonymous, let 7_stdoutptr,)
19: borrow_end(2_val)
20: drop(2_val)
21: borrow_end(3_len)
22: drop(3_len)
23: drop(9_fwrite_result)
24: borrow_end(8_anonymous)
25: borrow_end(7_stdoutptr)
26: drop(8_anonymous)
27: drop(7_stdoutptr)
28: return

fn 39:
block_10
0: 11_anonymous := "test"
1: 12_val = 11_anonymous
2: drop(12_val)
3: move(11_anonymous)
4: 13_anonymous := Int(0)
5: 14_i = 13_anonymous
6: move(13_anonymous)
7: While block_BlockId(15)  { block_BlockId(18) }

block_15
0: 16_anonymous := Int(10)
1: 17_@less_than_result = 14_i < 16_anonymous
2: move(14_i)
3: move(16_anonymous)

block_18
0: 19_anonymous := "test2"
1: 20_val = 19_anonymous
2: move(19_anonymous)
3: 21_anonymous := Int(1)
4: 22_@addition_result = 14_i + 21_anonymous
5: move(14_i)
6: move(21_anonymous)
7: 14_i = 22_@addition_result
8: move(22_@addition_result)
9: move(20_val)
10: borrow(14_i)
11: @42( owned 20_val, let 14_i,)
12: borrow_end(14_i)

block_23
0: drop(14_i)
1: return

fn 42:
block_24
0: 25_input = fnarg
1: 26_j = fnarg
2: return
