---
source: src/analysis/free_dead_resources.rs
expression: "format!(\"{}\", ir_program)"
---
IR:
fn 17:
block_1
0: 2_val = fnarg
1: 3_len = fnarg
2: 4_anonymous := Int(1)
3: borrow(4_anonymous)
4: 5_anonymous := "w"
5: borrow(5_anonymous)
6: receiver_SSAID(6) = @0( let 4_anonymous, let 5_anonymous,)
7: borrow_end(4_anonymous)
8: borrow_end(5_anonymous)
9: 7_stdoutptr = 6_fdopen_result
10: drop(4_anonymous)
11: move(6_fdopen_result)
12: drop(5_anonymous)
13: borrow(2_val)
14: borrow(3_len)
15: 8_anonymous := Int(1)
16: borrow(8_anonymous)
17: borrow(7_stdoutptr)
18: receiver_SSAID(9) = @2( let 2_val, let 3_len, let 8_anonymous, let 7_stdoutptr,)
19: borrow_end(2_val)
20: drop(2_val)
21: borrow_end(3_len)
22: drop(3_len)
23: drop(9_fwrite_result)
24: borrow_end(8_anonymous)
25: borrow_end(7_stdoutptr)
26: drop(8_anonymous)
27: drop(7_stdoutptr)
28: return

fn 35:
block_10
0: 11_anonymous := "test\n"
1: 12_val = 11_anonymous
2: drop(12_val)
3: move(11_anonymous)
4: 14_anonymous := "first \n"
5: 15_anonymous := "second \n"
6: 16_anonymous := "third \n"
7: move(14_anonymous)
8: move(15_anonymous)
9: move(16_anonymous)
10: array_init_result_SSAID(13) = InitArray[ 14_anonymous, 15_anonymous, 16_anonymous,]
11: 17_vals = 13_@array_init_result
12: move(13_@array_init_result)
13: 18_anonymous := Int(1)
14: move(18_anonymous)
15: move(17_vals)
16: array_lookup_result_SSAID(19) = ArrayLookup( 17_vals, 18_anonymous, 19_@array_lookup_result,)
17: borrow(19_@array_lookup_result)
18: 20_anonymous := Int(8)
19: borrow(20_anonymous)
20: @17( let 19_@array_lookup_result, let 20_anonymous,)
21: borrow_end(19_@array_lookup_result)
22: drop(19_@array_lookup_result)
23: borrow_end(20_anonymous)
24: drop(20_anonymous)
25: 21_anonymous := Int(2)
26: move(21_anonymous)
27: move(17_vals)
28: array_lookup_result_SSAID(22) = ArrayLookup( 17_vals, 21_anonymous, 22_@array_lookup_result,)
29: borrow(22_@array_lookup_result)
30: 23_anonymous := Int(7)
31: borrow(23_anonymous)
32: @17( let 22_@array_lookup_result, let 23_anonymous,)
33: borrow_end(22_@array_lookup_result)
34: drop(22_@array_lookup_result)
35: borrow_end(23_anonymous)
36: drop(23_anonymous)
37: return
