---
source: src/analysis/liveness_analysis.rs
expression: "format!(\"{:#?}\", analysis_result)"
---
Ok(
    {
        FunctionDeclarationID(
            17,
        ): VariableLiveness {
            variables: {
                SSAID(
                    2,
                ): AbstractAddressRange {
                    start_address: AbstractAddress {
                        block_id: BlockId(
                            1,
                        ),
                        inststruction: 17,
                    },
                    end_addresses: [
                        AbstractAddress {
                            block_id: BlockId(
                                1,
                            ),
                            inststruction: 17,
                        },
                    ],
                },
                SSAID(
                    3,
                ): AbstractAddressRange {
                    start_address: AbstractAddress {
                        block_id: BlockId(
                            1,
                        ),
                        inststruction: 18,
                    },
                    end_addresses: [
                        AbstractAddress {
                            block_id: BlockId(
                                1,
                            ),
                            inststruction: 18,
                        },
                    ],
                },
                SSAID(
                    4,
                ): AbstractAddressRange {
                    start_address: AbstractAddress {
                        block_id: BlockId(
                            1,
                        ),
                        inststruction: 7,
                    },
                    end_addresses: [
                        AbstractAddress {
                            block_id: BlockId(
                                1,
                            ),
                            inststruction: 7,
                        },
                    ],
                },
                SSAID(
                    5,
                ): AbstractAddressRange {
                    start_address: AbstractAddress {
                        block_id: BlockId(
                            1,
                        ),
                        inststruction: 8,
                    },
                    end_addresses: [
                        AbstractAddress {
                            block_id: BlockId(
                                1,
                            ),
                            inststruction: 8,
                        },
                    ],
                },
                SSAID(
                    6,
                ): AbstractAddressRange {
                    start_address: AbstractAddress {
                        block_id: BlockId(
                            1,
                        ),
                        inststruction: 6,
                    },
                    end_addresses: [
                        AbstractAddress {
                            block_id: BlockId(
                                1,
                            ),
                            inststruction: 10,
                        },
                    ],
                },
                SSAID(
                    7,
                ): AbstractAddressRange {
                    start_address: AbstractAddress {
                        block_id: BlockId(
                            1,
                        ),
                        inststruction: 9,
                    },
                    end_addresses: [
                        AbstractAddress {
                            block_id: BlockId(
                                1,
                            ),
                            inststruction: 20,
                        },
                    ],
                },
                SSAID(
                    8,
                ): AbstractAddressRange {
                    start_address: AbstractAddress {
                        block_id: BlockId(
                            1,
                        ),
                        inststruction: 19,
                    },
                    end_addresses: [
                        AbstractAddress {
                            block_id: BlockId(
                                1,
                            ),
                            inststruction: 19,
                        },
                    ],
                },
                SSAID(
                    9,
                ): AbstractAddressRange {
                    start_address: AbstractAddress {
                        block_id: BlockId(
                            1,
                        ),
                        inststruction: 16,
                    },
                    end_addresses: [
                        AbstractAddress {
                            block_id: BlockId(
                                1,
                            ),
                            inststruction: 16,
                        },
                    ],
                },
            },
            variable_moved: {
                SSAID(
                    6,
                ): {
                    BlockId(
                        1,
                    ),
                },
            },
            loans: {},
        },
        FunctionDeclarationID(
            44,
        ): VariableLiveness {
            variables: {
                SSAID(
                    11,
                ): AbstractAddressRange {
                    start_address: AbstractAddress {
                        block_id: BlockId(
                            10,
                        ),
                        inststruction: 2,
                    },
                    end_addresses: [
                        AbstractAddress {
                            block_id: BlockId(
                                10,
                            ),
                            inststruction: 2,
                        },
                    ],
                },
                SSAID(
                    12,
                ): AbstractAddressRange {
                    start_address: AbstractAddress {
                        block_id: BlockId(
                            10,
                        ),
                        inststruction: 1,
                    },
                    end_addresses: [
                        AbstractAddress {
                            block_id: BlockId(
                                22,
                            ),
                            inststruction: 2,
                        },
                    ],
                },
                SSAID(
                    13,
                ): AbstractAddressRange {
                    start_address: AbstractAddress {
                        block_id: BlockId(
                            10,
                        ),
                        inststruction: 5,
                    },
                    end_addresses: [
                        AbstractAddress {
                            block_id: BlockId(
                                10,
                            ),
                            inststruction: 5,
                        },
                    ],
                },
                SSAID(
                    14,
                ): AbstractAddressRange {
                    start_address: AbstractAddress {
                        block_id: BlockId(
                            10,
                        ),
                        inststruction: 4,
                    },
                    end_addresses: [
                        AbstractAddress {
                            block_id: BlockId(
                                22,
                            ),
                            inststruction: 16,
                        },
                    ],
                },
                SSAID(
                    15,
                ): AbstractAddressRange {
                    start_address: AbstractAddress {
                        block_id: BlockId(
                            10,
                        ),
                        inststruction: 12,
                    },
                    end_addresses: [
                        AbstractAddress {
                            block_id: BlockId(
                                10,
                            ),
                            inststruction: 12,
                        },
                    ],
                },
                SSAID(
                    16,
                ): AbstractAddressRange {
                    start_address: AbstractAddress {
                        block_id: BlockId(
                            10,
                        ),
                        inststruction: 8,
                    },
                    end_addresses: [
                        AbstractAddress {
                            block_id: BlockId(
                                10,
                            ),
                            inststruction: 8,
                        },
                    ],
                },
                SSAID(
                    17,
                ): AbstractAddressRange {
                    start_address: AbstractAddress {
                        block_id: BlockId(
                            10,
                        ),
                        inststruction: 9,
                    },
                    end_addresses: [
                        AbstractAddress {
                            block_id: BlockId(
                                10,
                            ),
                            inststruction: 9,
                        },
                    ],
                },
                SSAID(
                    18,
                ): AbstractAddressRange {
                    start_address: AbstractAddress {
                        block_id: BlockId(
                            10,
                        ),
                        inststruction: 11,
                    },
                    end_addresses: [
                        AbstractAddress {
                            block_id: BlockId(
                                22,
                            ),
                            inststruction: 4,
                        },
                    ],
                },
                SSAID(
                    20,
                ): AbstractAddressRange {
                    start_address: AbstractAddress {
                        block_id: BlockId(
                            19,
                        ),
                        inststruction: 3,
                    },
                    end_addresses: [
                        AbstractAddress {
                            block_id: BlockId(
                                19,
                            ),
                            inststruction: 3,
                        },
                    ],
                },
                SSAID(
                    23,
                ): AbstractAddressRange {
                    start_address: AbstractAddress {
                        block_id: BlockId(
                            22,
                        ),
                        inststruction: 10,
                    },
                    end_addresses: [
                        AbstractAddress {
                            block_id: BlockId(
                                22,
                            ),
                            inststruction: 10,
                        },
                    ],
                },
                SSAID(
                    24,
                ): AbstractAddressRange {
                    start_address: AbstractAddress {
                        block_id: BlockId(
                            22,
                        ),
                        inststruction: 11,
                    },
                    end_addresses: [
                        AbstractAddress {
                            block_id: BlockId(
                                22,
                            ),
                            inststruction: 11,
                        },
                    ],
                },
                SSAID(
                    25,
                ): AbstractAddressRange {
                    start_address: AbstractAddress {
                        block_id: BlockId(
                            22,
                        ),
                        inststruction: 15,
                    },
                    end_addresses: [
                        AbstractAddress {
                            block_id: BlockId(
                                22,
                            ),
                            inststruction: 15,
                        },
                    ],
                },
                SSAID(
                    26,
                ): AbstractAddressRange {
                    start_address: AbstractAddress {
                        block_id: BlockId(
                            22,
                        ),
                        inststruction: 17,
                    },
                    end_addresses: [
                        AbstractAddress {
                            block_id: BlockId(
                                22,
                            ),
                            inststruction: 17,
                        },
                    ],
                },
            },
            variable_moved: {
                SSAID(
                    11,
                ): {
                    BlockId(
                        10,
                    ),
                },
                SSAID(
                    13,
                ): {
                    BlockId(
                        10,
                    ),
                },
                SSAID(
                    15,
                ): {
                    BlockId(
                        10,
                    ),
                },
                SSAID(
                    16,
                ): {
                    BlockId(
                        10,
                    ),
                },
                SSAID(
                    17,
                ): {
                    BlockId(
                        10,
                    ),
                },
                SSAID(
                    18,
                ): {
                    BlockId(
                        22,
                    ),
                },
                SSAID(
                    20,
                ): {
                    BlockId(
                        19,
                    ),
                },
                SSAID(
                    25,
                ): {
                    BlockId(
                        22,
                    ),
                },
                SSAID(
                    26,
                ): {
                    BlockId(
                        22,
                    ),
                },
            },
            loans: {},
        },
        FunctionDeclarationID(
            47,
        ): VariableLiveness {
            variables: {},
            variable_moved: {},
            loans: {},
        },
    },
)
