---
source: src/analysis/liveness_analysis.rs
expression: "format!(\"{:#?}\", analysis_result)"
---
Ok(
    {
        FunctionDeclarationID(
            8,
        ): VariableLiveness {
            variables: {
                SSAID(
                    4,
                ): AbstractAddressRange {
                    start_address: AbstractAddress {
                        block_id: BlockId(
                            2,
                        ),
                        inststruction: 0,
                    },
                    end_addresses: [
                        AbstractAddress {
                            block_id: BlockId(
                                2,
                            ),
                            inststruction: 2,
                        },
                    ],
                },
                SSAID(
                    5,
                ): AbstractAddressRange {
                    start_address: AbstractAddress {
                        block_id: BlockId(
                            2,
                        ),
                        inststruction: 1,
                    },
                    end_addresses: [
                        AbstractAddress {
                            block_id: BlockId(
                                2,
                            ),
                            inststruction: 8,
                        },
                    ],
                },
                SSAID(
                    6,
                ): AbstractAddressRange {
                    start_address: AbstractAddress {
                        block_id: BlockId(
                            2,
                        ),
                        inststruction: 4,
                    },
                    end_addresses: [
                        AbstractAddress {
                            block_id: BlockId(
                                2,
                            ),
                            inststruction: 4,
                        },
                    ],
                },
                SSAID(
                    7,
                ): AbstractAddressRange {
                    start_address: AbstractAddress {
                        block_id: BlockId(
                            2,
                        ),
                        inststruction: 7,
                    },
                    end_addresses: [
                        AbstractAddress {
                            block_id: BlockId(
                                2,
                            ),
                            inststruction: 7,
                        },
                    ],
                },
            },
            variable_moved: {
                SSAID(
                    4,
                ): {
                    BlockId(
                        2,
                    ),
                },
            },
            loans: {},
        },
        FunctionDeclarationID(
            11,
        ): VariableLiveness {
            variables: {},
            variable_moved: {},
            loans: {},
        },
    },
)
