---
source: src/analysis/liveness_analysis.rs
expression: "format!(\"{:#?}\", analysis_result)"
---
Ok(
    {
        FunctionId(
            TSIdentifier(
                "main",
            ),
        ): VariableLiveness {
            variables: {
                SSAID(
                    6,
                ): AbstractAddressRange(
                    AbstractAddress {
                        block_id: BlockId(
                            5,
                        ),
                        inststruction: 0,
                    },
                    AbstractAddress {
                        block_id: BlockId(
                            5,
                        ),
                        inststruction: 3,
                    },
                ),
            },
            variable_moved: {
                SSAID(
                    6,
                ): false,
            },
            loans: {},
        },
        FunctionId(
            TSIdentifier(
                "print",
            ),
        ): VariableLiveness {
            variables: {
                SSAID(
                    2,
                ): AbstractAddressRange(
                    AbstractAddress {
                        block_id: BlockId(
                            1,
                        ),
                        inststruction: 0,
                    },
                    AbstractAddress {
                        block_id: BlockId(
                            1,
                        ),
                        inststruction: 8,
                    },
                ),
                SSAID(
                    3,
                ): AbstractAddressRange(
                    AbstractAddress {
                        block_id: BlockId(
                            1,
                        ),
                        inststruction: 1,
                    },
                    AbstractAddress {
                        block_id: BlockId(
                            1,
                        ),
                        inststruction: 9,
                    },
                ),
                SSAID(
                    4,
                ): AbstractAddressRange(
                    AbstractAddress {
                        block_id: BlockId(
                            1,
                        ),
                        inststruction: 3,
                    },
                    AbstractAddress {
                        block_id: BlockId(
                            1,
                        ),
                        inststruction: 10,
                    },
                ),
            },
            variable_moved: {
                SSAID(
                    2,
                ): false,
                SSAID(
                    3,
                ): false,
                SSAID(
                    4,
                ): false,
            },
            loans: {},
        },
    },
)
