---
source: src/analysis/liveness_analysis.rs
expression: "format!(\"{:#?}\", analysis_result)"
---
Ok(
    {
        FunctionDeclarationID(
            4,
        ): VariableLiveness {
            variables: {
                SSAID(
                    3,
                ): AbstractAddressRange {
                    start_address: AbstractAddress {
                        block_id: BlockId(
                            2,
                        ),
                        inststruction: 0,
                    },
                    end_addresses: [
                        AbstractAddress {
                            block_id: BlockId(
                                2,
                            ),
                            inststruction: 2,
                        },
                    ],
                },
                SSAID(
                    4,
                ): AbstractAddressRange {
                    start_address: AbstractAddress {
                        block_id: BlockId(
                            2,
                        ),
                        inststruction: 1,
                    },
                    end_addresses: [
                        AbstractAddress {
                            block_id: BlockId(
                                2,
                            ),
                            inststruction: 1,
                        },
                    ],
                },
            },
            variable_moved: {
                SSAID(
                    3,
                ): {
                    BlockId(
                        2,
                    ),
                },
            },
            loans: {},
        },
        FunctionDeclarationID(
            8,
        ): VariableLiveness {
            variables: {
                SSAID(
                    8,
                ): AbstractAddressRange {
                    start_address: AbstractAddress {
                        block_id: BlockId(
                            6,
                        ),
                        inststruction: 0,
                    },
                    end_addresses: [
                        AbstractAddress {
                            block_id: BlockId(
                                6,
                            ),
                            inststruction: 0,
                        },
                    ],
                },
            },
            variable_moved: {},
            loans: {},
        },
    },
)
