---
source: src/analysis/liveness_analysis.rs
expression: "format!(\"{:#?}\", analysis_result)"
---
Ok(
    {
        FunctionDeclarationID(
            8,
        ): VariableLiveness {
            variables: {
                SSAID(
                    7,
                ): AbstractAddressRange {
                    start_address: AbstractAddress {
                        block_id: BlockId(
                            5,
                        ),
                        inststruction: 0,
                    },
                    end_addresses: [
                        AbstractAddress {
                            block_id: BlockId(
                                5,
                            ),
                            inststruction: 2,
                        },
                    ],
                },
                SSAID(
                    8,
                ): AbstractAddressRange {
                    start_address: AbstractAddress {
                        block_id: BlockId(
                            5,
                        ),
                        inststruction: 1,
                    },
                    end_addresses: [
                        AbstractAddress {
                            block_id: BlockId(
                                5,
                            ),
                            inststruction: 8,
                        },
                    ],
                },
                SSAID(
                    9,
                ): AbstractAddressRange {
                    start_address: AbstractAddress {
                        block_id: BlockId(
                            5,
                        ),
                        inststruction: 4,
                    },
                    end_addresses: [
                        AbstractAddress {
                            block_id: BlockId(
                                5,
                            ),
                            inststruction: 4,
                        },
                    ],
                },
                SSAID(
                    10,
                ): AbstractAddressRange {
                    start_address: AbstractAddress {
                        block_id: BlockId(
                            5,
                        ),
                        inststruction: 7,
                    },
                    end_addresses: [
                        AbstractAddress {
                            block_id: BlockId(
                                5,
                            ),
                            inststruction: 7,
                        },
                    ],
                },
            },
            variable_moved: {
                SSAID(
                    7,
                ): {
                    BlockId(
                        5,
                    ),
                },
            },
            loans: {},
        },
        FunctionDeclarationID(
            11,
        ): VariableLiveness {
            variables: {},
            variable_moved: {},
            loans: {},
        },
    },
)
