---
source: tests/e2e.rs
expression: "String::from_utf8(cmd.ok().unwrap().stdout)?"
---
[
    Decl(
        Function {
            keywords: [
                LlvmExtern,
            ],
            id: TSIdentifier(
                "fdopen",
            ),
            arguments: [
                FunctionArg {
                    name: TSIdentifier(
                        "fd",
                    ),
                    type: Integer,
                },
                FunctionArg {
                    name: TSIdentifier(
                        "mode",
                    ),
                    type: String,
                },
            ],
            body: None,
            return_type: Pointer,
        },
    ),
    Decl(
        Function {
            keywords: [
                LlvmExtern,
            ],
            id: TSIdentifier(
                "fclose",
            ),
            arguments: [
                FunctionArg {
                    name: TSIdentifier(
                        "fd",
                    ),
                    type: String,
                },
            ],
            body: None,
            return_type: Unit,
        },
    ),
    Decl(
        Function {
            keywords: [
                LlvmExtern,
            ],
            id: TSIdentifier(
                "fwrite",
            ),
            arguments: [
                FunctionArg {
                    name: TSIdentifier(
                        "val",
                    ),
                    type: String,
                },
                FunctionArg {
                    name: TSIdentifier(
                        "size",
                    ),
                    type: Integer,
                },
                FunctionArg {
                    name: TSIdentifier(
                        "len",
                    ),
                    type: Integer,
                },
                FunctionArg {
                    name: TSIdentifier(
                        "file",
                    ),
                    type: String,
                },
            ],
            body: None,
            return_type: Integer,
        },
    ),
    Decl(
        Function {
            keywords: [
                Normal,
            ],
            id: TSIdentifier(
                "print",
            ),
            arguments: [
                FunctionArg {
                    name: TSIdentifier(
                        "val",
                    ),
                    type: String,
                },
            ],
            body: Some(
                [
                    Assignment(
                        TSIdentifier(
                            "stdoutptr",
                        ),
                        Call(
                            TSIdentifier(
                                "fdopen",
                            ),
                            [
                                Value(
                                    Integer(
                                        1,
                                    ),
                                    Integer,
                                ),
                                Value(
                                    String(
                                        "w",
                                    ),
                                    String,
                                ),
                            ],
                        ),
                        None,
                    ),
                    Expression(
                        Call(
                            TSIdentifier(
                                "fwrite",
                            ),
                            [
                                Value(
                                    Variable(
                                        TSIdentifier(
                                            "val",
                                        ),
                                    ),
                                    Unknown,
                                ),
                                Value(
                                    Integer(
                                        4,
                                    ),
                                    Integer,
                                ),
                                Value(
                                    Integer(
                                        10,
                                    ),
                                    Integer,
                                ),
                                Value(
                                    Variable(
                                        TSIdentifier(
                                            "stdoutptr",
                                        ),
                                    ),
                                    Unknown,
                                ),
                            ],
                        ),
                    ),
                ],
            ),
            return_type: Unit,
        },
    ),
    Decl(
        Function {
            keywords: [
                Normal,
            ],
            id: TSIdentifier(
                "main",
            ),
            arguments: [],
            body: Some(
                [
                    Expression(
                        Call(
                            TSIdentifier(
                                "println",
                            ),
                            [
                                Value(
                                    String(
                                        "Hello World! on a new line",
                                    ),
                                    String,
                                ),
                            ],
                        ),
                    ),
                ],
            ),
            return_type: Unit,
        },
    ),
    Decl(
        Function {
            keywords: [
                Normal,
            ],
            id: TSIdentifier(
                "println",
            ),
            arguments: [
                FunctionArg {
                    name: TSIdentifier(
                        "value",
                    ),
                    type: Unknown,
                },
            ],
            body: Some(
                [
                    Expression(
                        Call(
                            TSIdentifier(
                                "print",
                            ),
                            [
                                Value(
                                    Variable(
                                        TSIdentifier(
                                            "value",
                                        ),
                                    ),
                                    Unknown,
                                ),
                            ],
                        ),
                    ),
                    Expression(
                        Call(
                            TSIdentifier(
                                "print",
                            ),
                            [
                                Value(
                                    String(
                                        "\\n",
                                    ),
                                    String,
                                ),
                            ],
                        ),
                    ),
                ],
            ),
            return_type: Unit,
        },
    ),
]

