---
source: tests/e2e.rs
expression: "String::from_utf8(cmd.ok().unwrap().stdout)?"
---
[
    Decl(
        Function(
            TSIdentifier(
                "main",
            ),
            [],
            Some(
                [
                    Expression(
                        Call(
                            TSIdentifier(
                                "println",
                            ),
                            [
                                Value(
                                    String(
                                        "Hello World! on a new line",
                                    ),
                                    String,
                                ),
                            ],
                        ),
                    ),
                ],
            ),
            None,
        ),
    ),
    Decl(
        Function(
            TSIdentifier(
                "println",
            ),
            [
                (
                    TSIdentifier(
                        "value",
                    ),
                    None,
                ),
            ],
            Some(
                [
                    Expression(
                        Call(
                            TSIdentifier(
                                "print",
                            ),
                            [
                                Value(
                                    Variable(
                                        TSIdentifier(
                                            "value",
                                        ),
                                    ),
                                    Unknown,
                                ),
                            ],
                        ),
                    ),
                    Expression(
                        Call(
                            TSIdentifier(
                                "print",
                            ),
                            [
                                Value(
                                    String(
                                        "\\n",
                                    ),
                                    String,
                                ),
                            ],
                        ),
                    ),
                ],
            ),
            None,
        ),
    ),
    Decl(
        Function(
            TSIdentifier(
                "print",
            ),
            [
                (
                    TSIdentifier(
                        "value",
                    ),
                    None,
                ),
            ],
            Some(
                [
                    Expression(
                        Call(
                            TSIdentifier(
                                "printf",
                            ),
                            [
                                Value(
                                    Variable(
                                        TSIdentifier(
                                            "value",
                                        ),
                                    ),
                                    Unknown,
                                ),
                            ],
                        ),
                    ),
                ],
            ),
            None,
        ),
    ),
]

