---
source: tests/e2e.rs
expression: "String::from_utf8(cmd.ok().unwrap().stdout)?"
---
[
    Decl(
        Function {
            keywords: [
                Normal,
            ],
            id: TSIdentifier(
                "main",
            ),
            arguments: [],
            body: Some(
                [
                    Expression(
                        If(
                            IfStatement {
                                condition: Value(
                                    Boolean(
                                        false,
                                    ),
                                    Boolean,
                                ),
                                then_block: Block {
                                    statements: [
                                        Expression(
                                            Call(
                                                TSIdentifier(
                                                    "print",
                                                ),
                                                [
                                                    Value(
                                                        String(
                                                            "false",
                                                        ),
                                                        String,
                                                    ),
                                                    Value(
                                                        Integer(
                                                            5,
                                                        ),
                                                        Integer,
                                                    ),
                                                ],
                                            ),
                                        ),
                                    ],
                                },
                                else_block: Some(
                                    Block {
                                        statements: [
                                            Expression(
                                                Call(
                                                    TSIdentifier(
                                                        "print",
                                                    ),
                                                    [
                                                        Value(
                                                            String(
                                                                "else \\n",
                                                            ),
                                                            String,
                                                        ),
                                                        Value(
                                                            Integer(
                                                                6,
                                                            ),
                                                            Integer,
                                                        ),
                                                    ],
                                                ),
                                            ),
                                        ],
                                    },
                                ),
                            },
                        ),
                    ),
                    Expression(
                        If(
                            IfStatement {
                                condition: Value(
                                    Boolean(
                                        true,
                                    ),
                                    Boolean,
                                ),
                                then_block: Block {
                                    statements: [
                                        Expression(
                                            Call(
                                                TSIdentifier(
                                                    "print",
                                                ),
                                                [
                                                    Value(
                                                        String(
                                                            "false \\n",
                                                        ),
                                                        String,
                                                    ),
                                                    Value(
                                                        Integer(
                                                            7,
                                                        ),
                                                        Integer,
                                                    ),
                                                ],
                                            ),
                                        ),
                                    ],
                                },
                                else_block: Some(
                                    Block {
                                        statements: [
                                            Expression(
                                                Call(
                                                    TSIdentifier(
                                                        "print",
                                                    ),
                                                    [
                                                        Value(
                                                            String(
                                                                "else",
                                                            ),
                                                            String,
                                                        ),
                                                        Value(
                                                            Integer(
                                                                4,
                                                            ),
                                                            Integer,
                                                        ),
                                                    ],
                                                ),
                                            ),
                                        ],
                                    },
                                ),
                            },
                        ),
                    ),
                    Expression(
                        Return(
                            Return {
                                expression: None,
                            },
                        ),
                    ),
                ],
            ),
            return_type: Unit,
        },
    ),
]
