---
source: tests/e2e.rs
expression: "String::from_utf8(cmd.ok().unwrap().stdout)?"
---
[
    Decl(
        Struct(
            StructType {
                identifier: TSIdentifier(
                    "Test",
                ),
                fields: [
                    StructField {
                        field_name: TSIdentifier(
                            "fielda",
                        ),
                        field_type: String,
                    },
                    StructField {
                        field_name: TSIdentifier(
                            "fieldb",
                        ),
                        field_type: String,
                    },
                    StructField {
                        field_name: TSIdentifier(
                            "fie",
                        ),
                        field_type: Integer,
                    },
                ],
            },
        ),
    ),
    Decl(
        Struct(
            StructType {
                identifier: TSIdentifier(
                    "String",
                ),
                fields: [
                    StructField {
                        field_name: TSIdentifier(
                            "val",
                        ),
                        field_type: Pointer,
                    },
                    StructField {
                        field_name: TSIdentifier(
                            "len",
                        ),
                        field_type: Integer,
                    },
                ],
            },
        ),
    ),
    Decl(
        Function {
            keywords: [
                Normal,
            ],
            id: TSIdentifier(
                "new_string",
            ),
            arguments: [
                FunctionArg {
                    name: TSIdentifier(
                        "val",
                    ),
                    type: String,
                    access_mode: Let,
                },
                FunctionArg {
                    name: TSIdentifier(
                        "len",
                    ),
                    type: Integer,
                    access_mode: Let,
                },
            ],
            body: Some(
                [
                    Expression(
                        Return(
                            Return {
                                expression: Some(
                                    Struct(
                                        TSIdentifier(
                                            "String",
                                        ),
                                        [
                                            Value(
                                                Variable(
                                                    TSIdentifier(
                                                        "val",
                                                    ),
                                                ),
                                                Unknown,
                                            ),
                                            Value(
                                                Variable(
                                                    TSIdentifier(
                                                        "len",
                                                    ),
                                                ),
                                                Unknown,
                                            ),
                                        ],
                                    ),
                                ),
                            },
                        ),
                    ),
                ],
            ),
            return_type: Named(
                TSIdentifier(
                    "String",
                ),
            ),
        },
    ),
    Decl(
        Function {
            keywords: [
                Normal,
            ],
            id: TSIdentifier(
                "print_string",
            ),
            arguments: [
                FunctionArg {
                    name: TSIdentifier(
                        "str",
                    ),
                    type: Named(
                        TSIdentifier(
                            "String",
                        ),
                    ),
                    access_mode: Let,
                },
            ],
            body: Some(
                [
                    Expression(
                        Call(
                            TSIdentifier(
                                "print",
                            ),
                            [
                                StructFieldRef(
                                    TSIdentifier(
                                        "str",
                                    ),
                                    TSIdentifier(
                                        "val",
                                    ),
                                ),
                                StructFieldRef(
                                    TSIdentifier(
                                        "str",
                                    ),
                                    TSIdentifier(
                                        "len",
                                    ),
                                ),
                            ],
                        ),
                    ),
                    Expression(
                        Return(
                            Return {
                                expression: None,
                            },
                        ),
                    ),
                ],
            ),
            return_type: Unit,
        },
    ),
    Decl(
        Function {
            keywords: [
                Normal,
            ],
            id: TSIdentifier(
                "main",
            ),
            arguments: [],
            body: Some(
                [
                    Assignment(
                        Assignment {
                            id: TSIdentifier(
                                "str",
                            ),
                            expression: Call(
                                TSIdentifier(
                                    "new_string",
                                ),
                                [
                                    Value(
                                        String(
                                            "ac \\n",
                                        ),
                                        String,
                                    ),
                                    Value(
                                        Integer(
                                            4,
                                        ),
                                        Integer,
                                    ),
                                ],
                            ),
                            typed_annotation: None,
                        },
                    ),
                    Expression(
                        Call(
                            TSIdentifier(
                                "print_string",
                            ),
                            [
                                Value(
                                    Variable(
                                        TSIdentifier(
                                            "str",
                                        ),
                                    ),
                                    Unknown,
                                ),
                            ],
                        ),
                    ),
                    Expression(
                        Return(
                            Return {
                                expression: None,
                            },
                        ),
                    ),
                ],
            ),
            return_type: Unit,
        },
    ),
]
