---
source: tests/e2e.rs
expression: "String::from_utf8(cmd.ok().unwrap().stdout)?"
---
[
    Decl(
        Function {
            keywords: [
                Normal,
            ],
            id: TSIdentifier(
                "main",
            ),
            arguments: [],
            body: Some(
                [
                    Assignment(
                        Assignment {
                            id: TSIdentifier(
                                "val",
                            ),
                            expression: Value(
                                String(
                                    "test",
                                ),
                                String,
                            ),
                            typed_annotation: None,
                        },
                    ),
                    Assignment(
                        Assignment {
                            id: TSIdentifier(
                                "vals",
                            ),
                            expression: Array(
                                Array {
                                    item_type: String,
                                    items: [
                                        Value(
                                            String(
                                                "first \\n",
                                            ),
                                            String,
                                        ),
                                        Value(
                                            String(
                                                "second \\n",
                                            ),
                                            String,
                                        ),
                                        Value(
                                            String(
                                                "third \\n",
                                            ),
                                            String,
                                        ),
                                    ],
                                },
                            ),
                            typed_annotation: None,
                        },
                    ),
                    Expression(
                        Call(
                            TSIdentifier(
                                "print",
                            ),
                            [
                                ArrayLookup(
                                    ArrayLookup {
                                        array_identifier: TSIdentifier(
                                            "vals",
                                        ),
                                        index_expression: Value(
                                            Integer(
                                                0,
                                            ),
                                            Integer,
                                        ),
                                    },
                                ),
                                Value(
                                    Integer(
                                        7,
                                    ),
                                    Integer,
                                ),
                            ],
                        ),
                    ),
                    Expression(
                        Call(
                            TSIdentifier(
                                "print",
                            ),
                            [
                                ArrayLookup(
                                    ArrayLookup {
                                        array_identifier: TSIdentifier(
                                            "vals",
                                        ),
                                        index_expression: Value(
                                            Integer(
                                                1,
                                            ),
                                            Integer,
                                        ),
                                    },
                                ),
                                Value(
                                    Integer(
                                        8,
                                    ),
                                    Integer,
                                ),
                            ],
                        ),
                    ),
                    Expression(
                        Call(
                            TSIdentifier(
                                "print",
                            ),
                            [
                                ArrayLookup(
                                    ArrayLookup {
                                        array_identifier: TSIdentifier(
                                            "vals",
                                        ),
                                        index_expression: Value(
                                            Integer(
                                                2,
                                            ),
                                            Integer,
                                        ),
                                    },
                                ),
                                Value(
                                    Integer(
                                        7,
                                    ),
                                    Integer,
                                ),
                            ],
                        ),
                    ),
                    Expression(
                        Return(
                            Return {
                                expression: None,
                            },
                        ),
                    ),
                ],
            ),
            return_type: Unit,
        },
    ),
]
