---
source: tests/e2e.rs
expression: "String::from_utf8(cmd.ok().unwrap().stdout)?"
---
[
    Decl(
        Function(
            TSIdentifier(
                "main",
            ),
            [],
            Some(
                [
                    Expression(
                        Call(
                            TSIdentifier(
                                "printf",
                            ),
                            [
                                Value(
                                    String(
                                        "hello world!",
                                    ),
                                    String,
                                ),
                            ],
                        ),
                    ),
                ],
            ),
            None,
        ),
    ),
]

