---
source: tests/e2e.rs
expression: "String::from_utf8(cmd.ok().unwrap().stdout)?"
---
[
    Decl(
        Function {
            keywords: [
                Normal,
            ],
            id: TSIdentifier(
                "main",
            ),
            arguments: [],
            body: Some(
                [
                    Assignment(
                        Assignment {
                            id: TSIdentifier(
                                "a",
                            ),
                            expression: Value(
                                Integer(
                                    2,
                                ),
                                Integer,
                            ),
                            typed_annotation: None,
                        },
                    ),
                    Assignment(
                        Assignment {
                            id: TSIdentifier(
                                "b",
                            ),
                            expression: Value(
                                Integer(
                                    3,
                                ),
                                Integer,
                            ),
                            typed_annotation: None,
                        },
                    ),
                    Assignment(
                        Assignment {
                            id: TSIdentifier(
                                "result",
                            ),
                            expression: Operation(
                                Binary(
                                    Value(
                                        Variable(
                                            TSIdentifier(
                                                "b",
                                            ),
                                        ),
                                        Unknown,
                                    ),
                                    Multiplication,
                                    Value(
                                        Variable(
                                            TSIdentifier(
                                                "a",
                                            ),
                                        ),
                                        Unknown,
                                    ),
                                ),
                            ),
                            typed_annotation: None,
                        },
                    ),
                    Assignment(
                        Assignment {
                            id: TSIdentifier(
                                "output",
                            ),
                            expression: Value(
                                String(
                                    "result: %d",
                                ),
                                String,
                            ),
                            typed_annotation: None,
                        },
                    ),
                    Expression(
                        Call(
                            TSIdentifier(
                                "sprintf",
                            ),
                            [
                                Value(
                                    Variable(
                                        TSIdentifier(
                                            "output",
                                        ),
                                    ),
                                    Unknown,
                                ),
                                Value(
                                    Variable(
                                        TSIdentifier(
                                            "output",
                                        ),
                                    ),
                                    Unknown,
                                ),
                                Value(
                                    Variable(
                                        TSIdentifier(
                                            "result",
                                        ),
                                    ),
                                    Unknown,
                                ),
                            ],
                        ),
                    ),
                    Expression(
                        Call(
                            TSIdentifier(
                                "print",
                            ),
                            [
                                Value(
                                    Variable(
                                        TSIdentifier(
                                            "output",
                                        ),
                                    ),
                                    Unknown,
                                ),
                                Value(
                                    Integer(
                                        12,
                                    ),
                                    Integer,
                                ),
                            ],
                        ),
                    ),
                    Expression(
                        Return(
                            Return {
                                expression: None,
                            },
                        ),
                    ),
                ],
            ),
            return_type: Unit,
        },
    ),
]
