---
source: tests/e2e.rs
expression: "String::from_utf8(cmd.ok().unwrap().stdout)?"
---
module attributes {llvm.data_layout = ""} {
  llvm.func @fdopen(i32, !llvm.ptr) -> !llvm.ptr attributes {llvm.emit_c_interface, sym_visibility = "private"}
  llvm.func @fclose(!llvm.ptr) attributes {llvm.emit_c_interface, sym_visibility = "private"}
  llvm.func @fwrite(!llvm.ptr, i32, i32, !llvm.ptr) -> i32 attributes {llvm.emit_c_interface, sym_visibility = "private"}
  llvm.func @sprintf(!llvm.ptr, !llvm.ptr, i32) -> i32 attributes {llvm.emit_c_interface, sym_visibility = "private"}
  llvm.func @fflush(!llvm.ptr) -> i32 attributes {llvm.emit_c_interface, sym_visibility = "private"}
  llvm.func @sleep(i32) -> i32 attributes {llvm.emit_c_interface, sym_visibility = "private"}
  llvm.mlir.global internal @annonstr0("w") {addr_space = 0 : i32}
  llvm.func @print(%arg0: !llvm.ptr, %arg1: i32) {
    %0 = llvm.mlir.constant(1 : index) : i64
    %1 = llvm.alloca %0 x !llvm.ptr : (i64) -> !llvm.ptr
    %2 = llvm.mlir.undef : !llvm.struct<(ptr, ptr, i64)>
    %3 = llvm.insertvalue %1, %2[0] : !llvm.struct<(ptr, ptr, i64)> 
    %4 = llvm.insertvalue %1, %3[1] : !llvm.struct<(ptr, ptr, i64)> 
    %5 = llvm.mlir.constant(0 : index) : i64
    %6 = llvm.insertvalue %5, %4[2] : !llvm.struct<(ptr, ptr, i64)> 
    llvm.store %arg0, %1 : !llvm.ptr, !llvm.ptr
    %7 = llvm.mlir.constant(1 : index) : i64
    %8 = llvm.alloca %7 x i32 : (i64) -> !llvm.ptr
    %9 = llvm.mlir.undef : !llvm.struct<(ptr, ptr, i64)>
    %10 = llvm.insertvalue %8, %9[0] : !llvm.struct<(ptr, ptr, i64)> 
    %11 = llvm.insertvalue %8, %10[1] : !llvm.struct<(ptr, ptr, i64)> 
    %12 = llvm.mlir.constant(0 : index) : i64
    %13 = llvm.insertvalue %12, %11[2] : !llvm.struct<(ptr, ptr, i64)> 
    llvm.store %arg1, %8 : i32, !llvm.ptr
    %14 = llvm.mlir.constant(1 : i32) : i32
    %15 = llvm.mlir.addressof @annonstr0 : !llvm.ptr
    %16 = llvm.call @fdopen(%14, %15) : (i32, !llvm.ptr) -> !llvm.ptr
    %17 = llvm.mlir.constant(1 : index) : i64
    %18 = llvm.alloca %17 x !llvm.ptr : (i64) -> !llvm.ptr
    %19 = llvm.mlir.undef : !llvm.struct<(ptr, ptr, i64)>
    %20 = llvm.insertvalue %18, %19[0] : !llvm.struct<(ptr, ptr, i64)> 
    %21 = llvm.insertvalue %18, %20[1] : !llvm.struct<(ptr, ptr, i64)> 
    %22 = llvm.mlir.constant(0 : index) : i64
    %23 = llvm.insertvalue %22, %21[2] : !llvm.struct<(ptr, ptr, i64)> 
    llvm.store %16, %18 : !llvm.ptr, !llvm.ptr
    %24 = llvm.load %1 : !llvm.ptr -> !llvm.ptr
    %25 = llvm.load %8 : !llvm.ptr -> i32
    %26 = llvm.mlir.constant(1 : i32) : i32
    %27 = llvm.load %18 : !llvm.ptr -> !llvm.ptr
    %28 = llvm.call @fwrite(%24, %25, %26, %27) : (!llvm.ptr, i32, i32, !llvm.ptr) -> i32
    llvm.return
  }
  llvm.mlir.global internal @annonstr1("test") {addr_space = 0 : i32}
  llvm.mlir.global internal @annonstr2("first \0A") {addr_space = 0 : i32}
  llvm.mlir.global internal @annonstr3("second \0A") {addr_space = 0 : i32}
  llvm.mlir.global internal @annonstr4("third \0A") {addr_space = 0 : i32}
  llvm.func @main() attributes {llvm.emit_c_interface} {
    %0 = llvm.mlir.addressof @annonstr1 : !llvm.ptr
    %1 = llvm.mlir.constant(1 : index) : i64
    %2 = llvm.alloca %1 x !llvm.ptr : (i64) -> !llvm.ptr
    %3 = llvm.mlir.undef : !llvm.struct<(ptr, ptr, i64)>
    %4 = llvm.insertvalue %2, %3[0] : !llvm.struct<(ptr, ptr, i64)> 
    %5 = llvm.insertvalue %2, %4[1] : !llvm.struct<(ptr, ptr, i64)> 
    %6 = llvm.mlir.constant(0 : index) : i64
    %7 = llvm.insertvalue %6, %5[2] : !llvm.struct<(ptr, ptr, i64)> 
    llvm.store %0, %2 : !llvm.ptr, !llvm.ptr
    %8 = llvm.mlir.addressof @annonstr2 : !llvm.ptr
    %9 = llvm.mlir.addressof @annonstr3 : !llvm.ptr
    %10 = llvm.mlir.addressof @annonstr4 : !llvm.ptr
    %11 = llvm.mlir.constant(3 : index) : i64
    %12 = llvm.mlir.constant(1 : index) : i64
    %13 = llvm.alloca %11 x !llvm.ptr : (i64) -> !llvm.ptr
    %14 = llvm.mlir.undef : !llvm.struct<(ptr, ptr, i64, array<1 x i64>, array<1 x i64>)>
    %15 = llvm.insertvalue %13, %14[0] : !llvm.struct<(ptr, ptr, i64, array<1 x i64>, array<1 x i64>)> 
    %16 = llvm.insertvalue %13, %15[1] : !llvm.struct<(ptr, ptr, i64, array<1 x i64>, array<1 x i64>)> 
    %17 = llvm.mlir.constant(0 : index) : i64
    %18 = llvm.insertvalue %17, %16[2] : !llvm.struct<(ptr, ptr, i64, array<1 x i64>, array<1 x i64>)> 
    %19 = llvm.insertvalue %11, %18[3, 0] : !llvm.struct<(ptr, ptr, i64, array<1 x i64>, array<1 x i64>)> 
    %20 = llvm.insertvalue %12, %19[4, 0] : !llvm.struct<(ptr, ptr, i64, array<1 x i64>, array<1 x i64>)> 
    %21 = llvm.mlir.constant(0 : i64) : i64
    %22 = llvm.getelementptr %13[%21] : (!llvm.ptr, i64) -> !llvm.ptr, !llvm.ptr
    llvm.store %8, %22 : !llvm.ptr, !llvm.ptr
    %23 = llvm.mlir.constant(1 : i64) : i64
    %24 = llvm.getelementptr %13[%23] : (!llvm.ptr, i64) -> !llvm.ptr, !llvm.ptr
    llvm.store %9, %24 : !llvm.ptr, !llvm.ptr
    %25 = llvm.mlir.constant(2 : i64) : i64
    %26 = llvm.getelementptr %13[%25] : (!llvm.ptr, i64) -> !llvm.ptr, !llvm.ptr
    llvm.store %10, %26 : !llvm.ptr, !llvm.ptr
    %27 = llvm.mlir.constant(1 : index) : i64
    %28 = llvm.alloca %27 x !llvm.struct<(ptr, ptr, i64, array<1 x i64>, array<1 x i64>)> : (i64) -> !llvm.ptr
    %29 = llvm.mlir.undef : !llvm.struct<(ptr, ptr, i64)>
    %30 = llvm.insertvalue %28, %29[0] : !llvm.struct<(ptr, ptr, i64)> 
    %31 = llvm.insertvalue %28, %30[1] : !llvm.struct<(ptr, ptr, i64)> 
    %32 = llvm.mlir.constant(0 : index) : i64
    %33 = llvm.insertvalue %32, %31[2] : !llvm.struct<(ptr, ptr, i64)> 
    llvm.store %20, %28 : !llvm.struct<(ptr, ptr, i64, array<1 x i64>, array<1 x i64>)>, !llvm.ptr
    %34 = llvm.mlir.constant(0 : i32) : i32
    %35 = llvm.sext %34 : i32 to i64
    %36 = llvm.load %28 : !llvm.ptr -> !llvm.struct<(ptr, ptr, i64, array<1 x i64>, array<1 x i64>)>
    %37 = llvm.extractvalue %36[1] : !llvm.struct<(ptr, ptr, i64, array<1 x i64>, array<1 x i64>)> 
    %38 = llvm.getelementptr %37[%35] : (!llvm.ptr, i64) -> !llvm.ptr, !llvm.ptr
    %39 = llvm.load %38 : !llvm.ptr -> !llvm.ptr
    %40 = llvm.mlir.constant(7 : i32) : i32
    llvm.call @print(%39, %40) : (!llvm.ptr, i32) -> ()
    %41 = llvm.mlir.constant(1 : i32) : i32
    %42 = llvm.sext %41 : i32 to i64
    %43 = llvm.load %28 : !llvm.ptr -> !llvm.struct<(ptr, ptr, i64, array<1 x i64>, array<1 x i64>)>
    %44 = llvm.extractvalue %43[1] : !llvm.struct<(ptr, ptr, i64, array<1 x i64>, array<1 x i64>)> 
    %45 = llvm.getelementptr %44[%42] : (!llvm.ptr, i64) -> !llvm.ptr, !llvm.ptr
    %46 = llvm.load %45 : !llvm.ptr -> !llvm.ptr
    %47 = llvm.mlir.constant(8 : i32) : i32
    llvm.call @print(%46, %47) : (!llvm.ptr, i32) -> ()
    %48 = llvm.mlir.constant(2 : i32) : i32
    %49 = llvm.sext %48 : i32 to i64
    %50 = llvm.load %28 : !llvm.ptr -> !llvm.struct<(ptr, ptr, i64, array<1 x i64>, array<1 x i64>)>
    %51 = llvm.extractvalue %50[1] : !llvm.struct<(ptr, ptr, i64, array<1 x i64>, array<1 x i64>)> 
    %52 = llvm.getelementptr %51[%49] : (!llvm.ptr, i64) -> !llvm.ptr, !llvm.ptr
    %53 = llvm.load %52 : !llvm.ptr -> !llvm.ptr
    %54 = llvm.mlir.constant(7 : i32) : i32
    llvm.call @print(%53, %54) : (!llvm.ptr, i32) -> ()
    llvm.return
  }
  llvm.func @_mlir_ciface_main() attributes {llvm.emit_c_interface} {
    llvm.call @main() : () -> ()
    llvm.return
  }
}


