---
source: tests/e2e.rs
expression: "String::from_utf8(cmd.ok().unwrap().stdout)?"
---
[
    Decl(
        Function {
            keywords: [
                Normal,
            ],
            id: TSIdentifier(
                "main",
            ),
            arguments: [],
            body: Some(
                [
                    Assignment(
                        Assignment {
                            id: TSIdentifier(
                                "i",
                            ),
                            expression: Value(
                                Integer(
                                    0,
                                ),
                                Integer,
                            ),
                            typed_annotation: None,
                        },
                    ),
                    Expression(
                        While(
                            While {
                                condition: Operation(
                                    Binary(
                                        Value(
                                            Variable(
                                                TSIdentifier(
                                                    "i",
                                                ),
                                            ),
                                            Unknown,
                                        ),
                                        LessThan,
                                        Value(
                                            Integer(
                                                10,
                                            ),
                                            Integer,
                                        ),
                                    ),
                                ),
                                block: Block {
                                    statements: [
                                        Expression(
                                            Assign(
                                                Assign {
                                                    id: TSIdentifier(
                                                        "i",
                                                    ),
                                                    expression: Operation(
                                                        Binary(
                                                            Value(
                                                                Variable(
                                                                    TSIdentifier(
                                                                        "i",
                                                                    ),
                                                                ),
                                                                Unknown,
                                                            ),
                                                            Addition,
                                                            Value(
                                                                Integer(
                                                                    1,
                                                                ),
                                                                Integer,
                                                            ),
                                                        ),
                                                    ),
                                                },
                                            ),
                                        ),
                                        Expression(
                                            Call(
                                                TSIdentifier(
                                                    "print",
                                                ),
                                                [
                                                    Value(
                                                        String(
                                                            "hello \\n",
                                                        ),
                                                        String,
                                                    ),
                                                    Value(
                                                        Integer(
                                                            8,
                                                        ),
                                                        Integer,
                                                    ),
                                                ],
                                            ),
                                        ),
                                    ],
                                },
                            },
                        ),
                    ),
                    Expression(
                        Return(
                            Return {
                                expression: None,
                            },
                        ),
                    ),
                ],
            ),
            return_type: Unit,
        },
    ),
]
