---
source: tests/e2e.rs
expression: "String::from_utf8(cmd.ok().unwrap().stdout)?"
---
[
    Decl(
        Function {
            keywords: [
                Normal,
            ],
            id: TSIdentifier(
                "main",
            ),
            arguments: [],
            body: Some(
                [
                    Expression(
                        Call(
                            TSIdentifier(
                                "println",
                            ),
                            [
                                Value(
                                    String(
                                        "Hello World! on a new line",
                                    ),
                                    String,
                                ),
                                Value(
                                    Integer(
                                        50,
                                    ),
                                    Integer,
                                ),
                            ],
                        ),
                    ),
                    Expression(
                        Return(
                            Return {
                                expression: None,
                            },
                        ),
                    ),
                ],
            ),
            return_type: Unit,
        },
    ),
    Decl(
        Function {
            keywords: [
                Normal,
            ],
            id: TSIdentifier(
                "println",
            ),
            arguments: [
                FunctionArg {
                    name: TSIdentifier(
                        "value",
                    ),
                    type: String,
                    access_mode: Let,
                },
                FunctionArg {
                    name: TSIdentifier(
                        "len",
                    ),
                    type: Integer,
                    access_mode: Let,
                },
            ],
            body: Some(
                [
                    Expression(
                        Call(
                            TSIdentifier(
                                "print",
                            ),
                            [
                                Value(
                                    Variable(
                                        TSIdentifier(
                                            "value",
                                        ),
                                    ),
                                    Unknown,
                                ),
                                Value(
                                    Variable(
                                        TSIdentifier(
                                            "len",
                                        ),
                                    ),
                                    Unknown,
                                ),
                            ],
                        ),
                    ),
                    Expression(
                        Call(
                            TSIdentifier(
                                "print",
                            ),
                            [
                                Value(
                                    String(
                                        "\\n",
                                    ),
                                    String,
                                ),
                                Value(
                                    Integer(
                                        2,
                                    ),
                                    Integer,
                                ),
                            ],
                        ),
                    ),
                    Expression(
                        Return(
                            Return {
                                expression: None,
                            },
                        ),
                    ),
                ],
            ),
            return_type: Unit,
        },
    ),
]
