---
source: tests/e2e.rs
expression: "String::from_utf8(cmd.ok().unwrap().stdout)?"
---
[
    Decl(
        Struct(
            TSIdentifier(
                "Test",
            ),
            [
                (
                    TSIdentifier(
                        "fielda",
                    ),
                    String,
                ),
                (
                    TSIdentifier(
                        "fieldb",
                    ),
                    String,
                ),
            ],
        ),
    ),
    Decl(
        Function(
            TSIdentifier(
                "main",
            ),
            [],
            Some(
                [
                    Assignment(
                        TSIdentifier(
                            "test",
                        ),
                        Struct(
                            TSIdentifier(
                                "Test",
                            ),
                            [
                                Value(
                                    String(
                                        "ac",
                                    ),
                                    String,
                                ),
                                Value(
                                    String(
                                        "bc",
                                    ),
                                    String,
                                ),
                            ],
                        ),
                        None,
                    ),
                    Expression(
                        Call(
                            TSIdentifier(
                                "printf",
                            ),
                            [
                                StructFieldRef(
                                    TSIdentifier(
                                        "test",
                                    ),
                                    TSIdentifier(
                                        "fielda",
                                    ),
                                ),
                            ],
                        ),
                    ),
                ],
            ),
            None,
        ),
    ),
]

