---
source: tests/e2e.rs
expression: "String::from_utf8(cmd.ok().unwrap().stdout)?"
---
[
    Decl(
        Function {
            keywords: [
                Normal,
            ],
            id: TSIdentifier(
                "main",
            ),
            arguments: [],
            body: Some(
                [
                    Assignment(
                        Assignment {
                            id: TSIdentifier(
                                "a",
                            ),
                            expression: Value(
                                Integer(
                                    2,
                                ),
                                Integer,
                            ),
                            typed_annotation: None,
                        },
                    ),
                    Assignment(
                        Assignment {
                            id: TSIdentifier(
                                "b",
                            ),
                            expression: Value(
                                Integer(
                                    4,
                                ),
                                Integer,
                            ),
                            typed_annotation: None,
                        },
                    ),
                    Assignment(
                        Assignment {
                            id: TSIdentifier(
                                "c",
                            ),
                            expression: Value(
                                Integer(
                                    3,
                                ),
                                Integer,
                            ),
                            typed_annotation: None,
                        },
                    ),
                    Assignment(
                        Assignment {
                            id: TSIdentifier(
                                "resultb",
                            ),
                            expression: Operation(
                                Binary(
                                    Operation(
                                        Binary(
                                            Value(
                                                Variable(
                                                    TSIdentifier(
                                                        "c",
                                                    ),
                                                ),
                                                Unknown,
                                            ),
                                            Addition,
                                            Value(
                                                Variable(
                                                    TSIdentifier(
                                                        "a",
                                                    ),
                                                ),
                                                Unknown,
                                            ),
                                        ),
                                    ),
                                    Multiplication,
                                    Value(
                                        Variable(
                                            TSIdentifier(
                                                "b",
                                            ),
                                        ),
                                        Unknown,
                                    ),
                                ),
                            ),
                            typed_annotation: None,
                        },
                    ),
                    Assignment(
                        Assignment {
                            id: TSIdentifier(
                                "outputb",
                            ),
                            expression: Value(
                                String(
                                    "resultb: %d \\n",
                                ),
                                String,
                            ),
                            typed_annotation: None,
                        },
                    ),
                    Expression(
                        Call(
                            TSIdentifier(
                                "sprintf",
                            ),
                            [
                                Value(
                                    Variable(
                                        TSIdentifier(
                                            "outputb",
                                        ),
                                    ),
                                    Unknown,
                                ),
                                Value(
                                    Variable(
                                        TSIdentifier(
                                            "outputb",
                                        ),
                                    ),
                                    Unknown,
                                ),
                                Value(
                                    Variable(
                                        TSIdentifier(
                                            "resultb",
                                        ),
                                    ),
                                    Unknown,
                                ),
                            ],
                        ),
                    ),
                    Expression(
                        Call(
                            TSIdentifier(
                                "print",
                            ),
                            [
                                Value(
                                    Variable(
                                        TSIdentifier(
                                            "outputb",
                                        ),
                                    ),
                                    Unknown,
                                ),
                                Value(
                                    Integer(
                                        13,
                                    ),
                                    Integer,
                                ),
                            ],
                        ),
                    ),
                    Expression(
                        Return(
                            Return {
                                expression: None,
                            },
                        ),
                    ),
                ],
            ),
            return_type: Unit,
        },
    ),
]
