---
source: src/ir.rs
expression: "format!(\"{}\", ir_progam)"
---
IR:
fn 10:
block_1
0: 2_anonymous := Int(2)
1: 3_a = 2_anonymous
2: move(2_anonymous)
3: 4_anonymous := Int(3)
4: 5_b = 4_anonymous
5: move(4_anonymous)
6: 6_@addition_result = 3_a + 5_b
7: move(3_a)
8: move(5_b)
9: 7_result = 6_@addition_result
10: move(6_@addition_result)
11: return
