---
source: src/ir.rs
expression: "format!(\"{}\", ir_progam)"
---
IR:
fn 14:
block_1
0: 2_anonymous := "test"
1: 3_test = 2_anonymous
2: move(2_anonymous)
3: 4_anonymous := Int(1)
4: 5_anonymous := Int(0)
5: 6_@greater_than_result = 4_anonymous > 5_anonymous
6: move(4_anonymous)
7: move(5_anonymous)
8: if 6_@greater_than_result then 7_block else 9_block

block_7
0: borrow(3_test)
1: @17( let 3_test,)
2: borrow_end(3_test)

block_9
0: borrow(3_test)
1: @17( let 3_test,)
2: borrow_end(3_test)

block_8
0: return

block_8
0: return

fn 17:
block_10
0: 11_test = fnarg
1: return
