---
source: src/ir.rs
expression: "format!(\"{}\", ir_progam)"
---
IR:
fn consume:
BLOCK: 70: = 8_message
fn main:
BLOCK: 50: = 6_message
1: move(6_message)
2: @consume( owned 6_message,)
3: move(6_message)
4: @consume( owned 6_message,)
fn print:
BLOCK: 10: = 2_val
1: = 3_len
2: @fdopen()
3: = 4_stdoutptr
4: borrow(2_val)
5: borrow(3_len)
6: borrow(4_stdoutptr)
7: @fwrite( let 2_val, let 3_len, let 4_stdoutptr,)
8: borrow_end(2_val)
9: borrow_end(3_len)
10: borrow_end(4_stdoutptr)
