---
source: src/ir.rs
expression: "format!(\"{}\", ir_progam)"
---
IR:
fn main:
BLOCK: 6BLOCK: 70: = 8_message
1: borrow(8_message)
2: @print( let 8_message,)
3: borrow_end(8_message)
fn print:
BLOCK: 10: = 2_val
1: = 3_len
BLOCK: 40: @fdopen()
1: = 5_stdoutptr
2: borrow(2_val)
3: borrow(3_len)
4: borrow(5_stdoutptr)
5: @fwrite( let 2_val, let 3_len, let 5_stdoutptr,)
6: borrow_end(2_val)
7: borrow_end(3_len)
8: borrow_end(5_stdoutptr)
