---
source: src/ir.rs
expression: "format!(\"{:#?} \\n {:#?}\", ir_progam.blocks, ir_progam.ssa_variables)"
---
{
    BlockId(
        0,
    ): Block {
        instructions: [
            Assign(
                SSAID(
                    1,
                ),
            ),
            Assign(
                SSAID(
                    2,
                ),
            ),
        ],
    },
    BlockId(
        3,
    ): Block {
        instructions: [
            Call(
                FunctionId(
                    TSIdentifier(
                        "fdopen",
                    ),
                ),
                [],
            ),
            Assign(
                SSAID(
                    4,
                ),
            ),
            Borrow(
                SSAID(
                    1,
                ),
            ),
            Borrow(
                SSAID(
                    2,
                ),
            ),
            Borrow(
                SSAID(
                    4,
                ),
            ),
            Call(
                FunctionId(
                    TSIdentifier(
                        "fwrite",
                    ),
                ),
                [
                    SSAID(
                        1,
                    ),
                    SSAID(
                        2,
                    ),
                    SSAID(
                        4,
                    ),
                ],
            ),
            BorrowEnd(
                SSAID(
                    1,
                ),
            ),
            BorrowEnd(
                SSAID(
                    2,
                ),
            ),
            BorrowEnd(
                SSAID(
                    4,
                ),
            ),
        ],
    },
    BlockId(
        5,
    ): Block {
        instructions: [
            Assign(
                SSAID(
                    6,
                ),
            ),
            Borrow(
                SSAID(
                    6,
                ),
            ),
            Call(
                FunctionId(
                    TSIdentifier(
                        "borrow",
                    ),
                ),
                [
                    SSAID(
                        6,
                    ),
                ],
            ),
            BorrowEnd(
                SSAID(
                    6,
                ),
            ),
            Borrow(
                SSAID(
                    6,
                ),
            ),
            Call(
                FunctionId(
                    TSIdentifier(
                        "borrow",
                    ),
                ),
                [
                    SSAID(
                        6,
                    ),
                ],
            ),
            BorrowEnd(
                SSAID(
                    6,
                ),
            ),
            Assign(
                SSAID(
                    7,
                ),
            ),
        ],
    },
    BlockId(
        8,
    ): Block {
        instructions: [],
    },
} 
 {
    SSAID(
        1,
    ): Variable {
        original_variable: TSIdentifier(
            "val",
        ),
        id: SSAID(
            1,
        ),
    },
    SSAID(
        2,
    ): Variable {
        original_variable: TSIdentifier(
            "len",
        ),
        id: SSAID(
            2,
        ),
    },
    SSAID(
        4,
    ): Variable {
        original_variable: TSIdentifier(
            "stdoutptr",
        ),
        id: SSAID(
            4,
        ),
    },
    SSAID(
        6,
    ): Variable {
        original_variable: TSIdentifier(
            "message",
        ),
        id: SSAID(
            6,
        ),
    },
    SSAID(
        7,
    ): Variable {
        original_variable: TSIdentifier(
            "test",
        ),
        id: SSAID(
            7,
        ),
    },
}
