---
source: src/ir.rs
expression: "format!(\"{}\", ir_progam)"
---
IR:
fn borrow_and_move:
BLOCK: 130: = 14_input
1: = 15_j
fn main:
BLOCK: 50: = 6_val
1: = 7_i
BLOCK: 8BLOCK: 90: = 10_val
1: = 11_i
2: move(10_val)
3: borrow(11_i)
4: @borrow_and_move( owned 10_val, let 11_i,)
5: borrow_end(11_i)
BLOCK: 12fn print:
BLOCK: 10: = 2_val
1: = 3_len
2: @fdopen()
3: = 4_stdoutptr
4: borrow(2_val)
5: borrow(3_len)
6: borrow(4_stdoutptr)
7: @fwrite( let 2_val, let 3_len, let 4_stdoutptr,)
8: borrow_end(2_val)
9: borrow_end(3_len)
10: borrow_end(4_stdoutptr)
